// Jest Snapshot v1, https://goo.gl/fbAQLP

exports[`CardForm Should match the snapshot 1`] = `
<form
  className="new-card-form"
>
  <label
    htmlFor="my-term-input"
  >
    Term
    <span>
      *
    </span>
    :
  </label>
  <input
    className="new-card-input"
    id="my-term-input"
    maxLength="30"
    type="text"
  />
  <label
    htmlFor="my-desc-input"
  >
    Description
    <span>
      *
    </span>
    :
  </label>
  <input
    className="new-card-input"
    id="my-desc-input"
    maxLength="80"
    type="textarea"
  />
  <label
    htmlFor="my-desc-input"
  >
    Example:
  </label>
  <input
    className="new-card-input"
    id="my-example-input"
    onChange={[Function]}
    type="file"
  />
  <div
    className="new-card-form-btns"
  >
    <button
      className="cancel-card-btn"
      type="button"
    >
      Cancel
    </button>
    <button
      className="save-card-btn"
      onClick={[Function]}
      type="button"
    >
      Save
    </button>
  </div>
</form>
`;
