// Jest Snapshot v1, https://goo.gl/fbAQLP

exports[`CardArea Should match the snapshot 1`] = `
<section
  className="card-area"
>
  <Card
    canDelete={false}
    cardData={
      Object {
        "definition": "These things take JavaScript code, transform it, and return it as JavaScript code in a different format.",
        "example": "Babel is a popular example, and is most commonly used for React and transforms ES6 syntax into syntax that older browsers can interpret.",
        "fakeAnswers": Array [
          "Bundlers",
          "Package Managers",
        ],
        "id": 2,
        "term": "Compilers",
      }
    }
    hasTerm={false}
  />
  <Guess
    answer="Compilers"
    getRandomCard={[Function]}
    mode="Guess"
    removeCard={[Function]}
  />
  <article
    className="progress-area"
  >
    <p>
      <span>
        0
      </span>
       of 
      <span>
        4
      </span>
    </p>
    <div
      className="progress-chart"
      style={
        Object {
          "animationDelay": "-0s",
        }
      }
    />
  </article>
</section>
`;
