// Jest Snapshot v1, https://goo.gl/fbAQLP

exports[`Card Should match the snapshot 1`] = `
<Fragment>
  <article
    className="card"
  >
    <i
      className="fa fa-trash"
      onClick={[Function]}
    />
    <div
      className="card-top"
    >
      <h4
        className="term-header"
      >
        What am I?
      </h4>
    </div>
    <div
      className="card-bottom"
    >
      <h4
        className="description-header"
      >
        Description: 
      </h4>
      <p
        className="description"
      >
        These things take JavaScript code, transform it, and return it as JavaScript code in a different format.
      </p>
      <p
        className="example-link"
        onClick={[Function]}
      >
        (View Example)
      </p>
    </div>
  </article>
</Fragment>
`;
