// Jest Snapshot v1, https://goo.gl/fbAQLP

exports[`Navigation Should match the snapshot 1`] = `
<nav
  className="App-navigation"
>
  <NavLink
    className="nav-link"
    exact={true}
    to="/"
  >
    <i
      className="fas fa-home"
    />
    Home
  </NavLink>
  <NavLink
    className="nav-link"
    to="/play"
  >
    <i
      className="fas fa-play"
    />
    Play
  </NavLink>
  <NavLink
    className="nav-link"
    to="/mycards"
  >
    <i
      className="far fa-copy"
    />
    My Cards
  </NavLink>
  <NavLink
    className="nav-link"
    to="/stats"
  >
    <i
      className="fas fa-chart-pie"
    />
    Stats
  </NavLink>
  <NavLink
    className="nav-link"
    to="/links"
  >
    <i
      className="fas fa-link"
    />
    Links
  </NavLink>
</nav>
`;
