// Jest Snapshot v1, https://goo.gl/fbAQLP

exports[`Stats Should match the snapshot 1`] = `
<Fragment>
  <h2>
    Stats
  </h2>
  <div
    className="stat"
  >
    <i
      className="fas fa-check-double"
    />
    <div>
      <h3
        className="stats-heading"
      >
        Total Games Completed
      </h3>
      <p>
        You have completed a total of 
        2
         games!
      </p>
    </div>
  </div>
  <div
    className="stat"
  >
    <div>
      <i
        className="fas fa-trophy"
      />
    </div>
    <div />
    <div>
      <h3
        className="stats-heading"
      >
        High Score
      </h3>
      <p>
        Your best game was answering 
        4
         questions with 
        6
         guesses!
      </p>
    </div>
  </div>
</Fragment>
`;
